components/admin/BidControls.tsx(76,32): error TS2345: Argument of type 'number' is not assignable to parameter of type 'string'.
components/admin/BidControls.tsx(80,28): error TS2345: Argument of type 'number' is not assignable to parameter of type 'string'.
components/admin/BidControls.tsx(109,28): error TS2345: Argument of type 'number' is not assignable to parameter of type 'string'.
components/admin/PowerCardPanel.tsx(85,40): error TS2345: Argument of type 'number' is not assignable to parameter of type 'string'.
components/team/PokemonPlayerCard.tsx(70,18): error TS2678: Type '"D"' is not comparable to type 'PlayerGrade'.
